Analysis & Synthesis report for cvi_ciris
Sun Jun 18 22:57:01 2023
Quartus Prime Version 18.1.0 Build 625 09/12/2018 SJ Standard Edition


---------------------
; Table of Contents ;
---------------------
  1. Legal Notice
  2. Analysis & Synthesis Summary
  3. Analysis & Synthesis Settings
  4. Parallel Compilation
  5. Analysis & Synthesis Source Files Read
  6. Analysis & Synthesis Resource Usage Summary
  7. Analysis & Synthesis Resource Utilization by Entity
  8. Analysis & Synthesis RAM Summary
  9. State Machine - |cvi_ciris|bt_to_avst:INST_bt_to_avst|state
 10. State Machine - |cvi_ciris|bt656_decoder:bt656_decoder|state
 11. Registers Removed During Synthesis
 12. Removed Registers Triggering Further Register Optimizations
 13. General Register Statistics
 14. Inverted Register Statistics
 15. Registers Packed Into Inferred Megafunctions
 16. Multiplexer Restructuring Statistics (Restructuring Performed)
 17. Source assignments for bt_to_avst:INST_bt_to_avst|crs_lib_dc_fifo:crs_lib_dc_fifo_inst|crs_lib_async_ram:u0|altsyncram:mem_rtl_0|altsyncram_5ie1:auto_generated
 18. Parameter Settings for User Entity Instance: Top-level Entity: |cvi_ciris
 19. Parameter Settings for User Entity Instance: bt656_decoder:bt656_decoder
 20. Parameter Settings for User Entity Instance: bt_to_avst:INST_bt_to_avst
 21. Parameter Settings for User Entity Instance: bt_to_avst:INST_bt_to_avst|crs_lib_dc_fifo:crs_lib_dc_fifo_inst
 22. Parameter Settings for User Entity Instance: bt_to_avst:INST_bt_to_avst|crs_lib_dc_fifo:crs_lib_dc_fifo_inst|crs_lib_async_ram:u0
 23. Parameter Settings for User Entity Instance: alt_vipvfr131_common_control_packet_encoder:INTS_alt_vipvfr131_common_control_packet_encoder
 24. Parameter Settings for User Entity Instance: alt_vipvfr131_common_stream_output:INST_alt_vipvfr131_common_stream_output
 25. Parameter Settings for Inferred Entity Instance: bt_to_avst:INST_bt_to_avst|crs_lib_dc_fifo:crs_lib_dc_fifo_inst|crs_lib_async_ram:u0|altsyncram:mem_rtl_0
 26. altsyncram Parameter Settings by Entity Instance
 27. Port Connectivity Checks: "alt_vipvfr131_common_stream_output:INST_alt_vipvfr131_common_stream_output"
 28. Port Connectivity Checks: "alt_vipvfr131_common_control_packet_encoder:INTS_alt_vipvfr131_common_control_packet_encoder"
 29. Port Connectivity Checks: "bt_to_avst:INST_bt_to_avst|crs_lib_dc_fifo:crs_lib_dc_fifo_inst|crs_lib_async_ram:u0"
 30. Port Connectivity Checks: "bt_to_avst:INST_bt_to_avst|crs_lib_dc_fifo:crs_lib_dc_fifo_inst"
 31. Port Connectivity Checks: "bt656_decoder:bt656_decoder"
 32. Post-Synthesis Netlist Statistics for Top Partition
 33. Elapsed Time Per Partition
 34. Analysis & Synthesis Messages



----------------
; Legal Notice ;
----------------
Copyright (C) 2018  Intel Corporation. All rights reserved.
Your use of Intel Corporation's design tools, logic functions 
and other software and tools, and its AMPP partner logic 
functions, and any output files from any of the foregoing 
(including device programming or simulation files), and any 
associated documentation or information are expressly subject 
to the terms and conditions of the Intel Program License 
Subscription Agreement, the Intel Quartus Prime License Agreement,
the Intel FPGA IP License Agreement, or other applicable license
agreement, including, without limitation, that your use is for
the sole purpose of programming logic devices manufactured by
Intel and sold by Intel or its authorized distributors.  Please
refer to the applicable agreement for further details.



+--------------------------------------------------------------------------------------+
; Analysis & Synthesis Summary                                                         ;
+------------------------------------+-------------------------------------------------+
; Analysis & Synthesis Status        ; Successful - Sun Jun 18 22:57:01 2023           ;
; Quartus Prime Version              ; 18.1.0 Build 625 09/12/2018 SJ Standard Edition ;
; Revision Name                      ; cvi_ciris                                       ;
; Top-level Entity Name              ; cvi_ciris                                       ;
; Family                             ; Cyclone IV E                                    ;
; Total logic elements               ; 327                                             ;
;     Total combinational functions  ; 228                                             ;
;     Dedicated logic registers      ; 219                                             ;
; Total registers                    ; 219                                             ;
; Total pins                         ; 25                                              ;
; Total virtual pins                 ; 0                                               ;
; Total memory bits                  ; 1,408                                           ;
; Embedded Multiplier 9-bit elements ; 0                                               ;
; Total PLLs                         ; 0                                               ;
+------------------------------------+-------------------------------------------------+


+------------------------------------------------------------------------------------------------------------+
; Analysis & Synthesis Settings                                                                              ;
+------------------------------------------------------------------+--------------------+--------------------+
; Option                                                           ; Setting            ; Default Value      ;
+------------------------------------------------------------------+--------------------+--------------------+
; Device                                                           ; EP4CE115F29C7      ;                    ;
; Top-level entity name                                            ; cvi_ciris          ; cvi_ciris          ;
; Family name                                                      ; Cyclone IV E       ; Cyclone V          ;
; Maximum processors allowed for parallel compilation              ; All                ;                    ;
; Verilog Version                                                  ; SystemVerilog_2005 ; Verilog_2001       ;
; VHDL Version                                                     ; VHDL_2008          ; VHDL_1993          ;
; Use smart compilation                                            ; Off                ; Off                ;
; Enable parallel Assembler and Timing Analyzer during compilation ; On                 ; On                 ;
; Enable compact report table                                      ; Off                ; Off                ;
; Restructure Multiplexers                                         ; Auto               ; Auto               ;
; Create Debugging Nodes for IP Cores                              ; Off                ; Off                ;
; Preserve fewer node names                                        ; On                 ; On                 ;
; Intel FPGA IP Evaluation Mode                                    ; Enable             ; Enable             ;
; State Machine Processing                                         ; Auto               ; Auto               ;
; Safe State Machine                                               ; Off                ; Off                ;
; Extract Verilog State Machines                                   ; On                 ; On                 ;
; Extract VHDL State Machines                                      ; On                 ; On                 ;
; Ignore Verilog initial constructs                                ; Off                ; Off                ;
; Iteration limit for constant Verilog loops                       ; 5000               ; 5000               ;
; Iteration limit for non-constant Verilog loops                   ; 250                ; 250                ;
; Add Pass-Through Logic to Inferred RAMs                          ; On                 ; On                 ;
; Infer RAMs from Raw Logic                                        ; On                 ; On                 ;
; Parallel Synthesis                                               ; On                 ; On                 ;
; DSP Block Balancing                                              ; Auto               ; Auto               ;
; NOT Gate Push-Back                                               ; On                 ; On                 ;
; Power-Up Don't Care                                              ; On                 ; On                 ;
; Remove Redundant Logic Cells                                     ; Off                ; Off                ;
; Remove Duplicate Registers                                       ; On                 ; On                 ;
; Ignore CARRY Buffers                                             ; Off                ; Off                ;
; Ignore CASCADE Buffers                                           ; Off                ; Off                ;
; Ignore GLOBAL Buffers                                            ; Off                ; Off                ;
; Ignore ROW GLOBAL Buffers                                        ; Off                ; Off                ;
; Ignore LCELL Buffers                                             ; Off                ; Off                ;
; Ignore SOFT Buffers                                              ; On                 ; On                 ;
; Limit AHDL Integers to 32 Bits                                   ; Off                ; Off                ;
; Optimization Technique                                           ; Balanced           ; Balanced           ;
; Carry Chain Length                                               ; 70                 ; 70                 ;
; Auto Carry Chains                                                ; On                 ; On                 ;
; Auto Open-Drain Pins                                             ; On                 ; On                 ;
; Perform WYSIWYG Primitive Resynthesis                            ; Off                ; Off                ;
; Auto ROM Replacement                                             ; On                 ; On                 ;
; Auto RAM Replacement                                             ; On                 ; On                 ;
; Auto DSP Block Replacement                                       ; On                 ; On                 ;
; Auto Shift Register Replacement                                  ; Auto               ; Auto               ;
; Allow Shift Register Merging across Hierarchies                  ; Auto               ; Auto               ;
; Auto Clock Enable Replacement                                    ; On                 ; On                 ;
; Strict RAM Replacement                                           ; Off                ; Off                ;
; Allow Synchronous Control Signals                                ; On                 ; On                 ;
; Force Use of Synchronous Clear Signals                           ; Off                ; Off                ;
; Auto RAM Block Balancing                                         ; On                 ; On                 ;
; Auto RAM to Logic Cell Conversion                                ; Off                ; Off                ;
; Auto Resource Sharing                                            ; Off                ; Off                ;
; Allow Any RAM Size For Recognition                               ; Off                ; Off                ;
; Allow Any ROM Size For Recognition                               ; Off                ; Off                ;
; Allow Any Shift Register Size For Recognition                    ; Off                ; Off                ;
; Use LogicLock Constraints during Resource Balancing              ; On                 ; On                 ;
; Ignore translate_off and synthesis_off directives                ; Off                ; Off                ;
; Timing-Driven Synthesis                                          ; On                 ; On                 ;
; Report Parameter Settings                                        ; On                 ; On                 ;
; Report Source Assignments                                        ; On                 ; On                 ;
; Report Connectivity Checks                                       ; On                 ; On                 ;
; Ignore Maximum Fan-Out Assignments                               ; Off                ; Off                ;
; Synchronization Register Chain Length                            ; 2                  ; 2                  ;
; Power Optimization During Synthesis                              ; Normal compilation ; Normal compilation ;
; HDL message level                                                ; Level2             ; Level2             ;
; Suppress Register Optimization Related Messages                  ; Off                ; Off                ;
; Number of Removed Registers Reported in Synthesis Report         ; 5000               ; 5000               ;
; Number of Swept Nodes Reported in Synthesis Report               ; 5000               ; 5000               ;
; Number of Inverted Registers Reported in Synthesis Report        ; 100                ; 100                ;
; Clock MUX Protection                                             ; On                 ; On                 ;
; Auto Gated Clock Conversion                                      ; Off                ; Off                ;
; Block Design Naming                                              ; Auto               ; Auto               ;
; SDC constraint protection                                        ; Off                ; Off                ;
; Synthesis Effort                                                 ; Auto               ; Auto               ;
; Shift Register Replacement - Allow Asynchronous Clear Signal     ; On                 ; On                 ;
; Pre-Mapping Resynthesis Optimization                             ; Off                ; Off                ;
; Analysis & Synthesis Message Level                               ; Medium             ; Medium             ;
; Disable Register Merging Across Hierarchies                      ; Auto               ; Auto               ;
; Resource Aware Inference For Block RAM                           ; On                 ; On                 ;
+------------------------------------------------------------------+--------------------+--------------------+


+------------------------------------------+
; Parallel Compilation                     ;
+----------------------------+-------------+
; Processors                 ; Number      ;
+----------------------------+-------------+
; Number detected on machine ; 8           ;
; Maximum allowed            ; 4           ;
;                            ;             ;
; Average used               ; 1.00        ;
; Maximum used               ; 4           ;
;                            ;             ;
; Usage by Processor         ; % Time Used ;
;     Processor 1            ; 100.0%      ;
;     Processors 2-4         ;   0.0%      ;
+----------------------------+-------------+


+---------------------------------------------------------------------------------------------------------------------------------------------------------------------------------------------------------------------------------------------+
; Analysis & Synthesis Source Files Read                                                                                                                                                                                                      ;
+------------------------------------------------------------------------------------+-----------------+------------------------------+---------------------------------------------------------------------------------------------+---------+
; File Name with User-Entered Path                                                   ; Used in Netlist ; File Type                    ; File Name with Absolute Path                                                                ; Library ;
+------------------------------------------------------------------------------------+-----------------+------------------------------+---------------------------------------------------------------------------------------------+---------+
; ../../../../../common/common_lib/rtl/alt_vipvfr131_common_stream_output.v          ; yes             ; User Verilog HDL File        ; D:/Work/GitLab/FPGA_lib/common/common_lib/rtl/alt_vipvfr131_common_stream_output.v          ; work    ;
; ../../../../../common/common_lib/rtl/alt_vipvfr131_common_control_packet_encoder.v ; yes             ; User Verilog HDL File        ; D:/Work/GitLab/FPGA_lib/common/common_lib/rtl/alt_vipvfr131_common_control_packet_encoder.v ; work    ;
; ../../../../../common/common_lib2/ram/async_ram/rtl/crs_lib_async_ram.sv           ; yes             ; User SystemVerilog HDL File  ; D:/Work/GitLab/FPGA_lib/common/common_lib2/ram/async_ram/rtl/crs_lib_async_ram.sv           ; work    ;
; ../../rtl/bt_to_avst.sv                                                            ; yes             ; User SystemVerilog HDL File  ; D:/Work/GitLab/FPGA_lib/IP/VIP/clocked_video_input_ciris/rtl/bt_to_avst.sv                  ; work    ;
; ../../rtl/bt656_decoder.sv                                                         ; yes             ; User SystemVerilog HDL File  ; D:/Work/GitLab/FPGA_lib/IP/VIP/clocked_video_input_ciris/rtl/bt656_decoder.sv               ; work    ;
; ../../rtl/cvi_ciris.sv                                                             ; yes             ; User SystemVerilog HDL File  ; D:/Work/GitLab/FPGA_lib/IP/VIP/clocked_video_input_ciris/rtl/cvi_ciris.sv                   ; work    ;
; ../../../../../common/common_lib2/fifo/crs_lib_dc_fifo/rtl/crs_lib_dc_fifo.sv      ; yes             ; User SystemVerilog HDL File  ; D:/Work/GitLab/FPGA_lib/common/common_lib2/fifo/crs_lib_dc_fifo/rtl/crs_lib_dc_fifo.sv      ; work    ;
; /work/gitlab/fpga_lib/common/common_lib2/common/crs_define.svh                     ; yes             ; Auto-Found Unspecified File  ; /work/gitlab/fpga_lib/common/common_lib2/common/crs_define.svh                              ;         ;
; altsyncram.tdf                                                                     ; yes             ; Megafunction                 ; d:/intelfpga/18.1/quartus/libraries/megafunctions/altsyncram.tdf                            ;         ;
; stratix_ram_block.inc                                                              ; yes             ; Megafunction                 ; d:/intelfpga/18.1/quartus/libraries/megafunctions/stratix_ram_block.inc                     ;         ;
; lpm_mux.inc                                                                        ; yes             ; Megafunction                 ; d:/intelfpga/18.1/quartus/libraries/megafunctions/lpm_mux.inc                               ;         ;
; lpm_decode.inc                                                                     ; yes             ; Megafunction                 ; d:/intelfpga/18.1/quartus/libraries/megafunctions/lpm_decode.inc                            ;         ;
; aglobal181.inc                                                                     ; yes             ; Megafunction                 ; d:/intelfpga/18.1/quartus/libraries/megafunctions/aglobal181.inc                            ;         ;
; a_rdenreg.inc                                                                      ; yes             ; Megafunction                 ; d:/intelfpga/18.1/quartus/libraries/megafunctions/a_rdenreg.inc                             ;         ;
; altrom.inc                                                                         ; yes             ; Megafunction                 ; d:/intelfpga/18.1/quartus/libraries/megafunctions/altrom.inc                                ;         ;
; altram.inc                                                                         ; yes             ; Megafunction                 ; d:/intelfpga/18.1/quartus/libraries/megafunctions/altram.inc                                ;         ;
; altdpram.inc                                                                       ; yes             ; Megafunction                 ; d:/intelfpga/18.1/quartus/libraries/megafunctions/altdpram.inc                              ;         ;
; db/altsyncram_5ie1.tdf                                                             ; yes             ; Auto-Generated Megafunction  ; D:/Work/GitLab/FPGA_lib/IP/VIP/clocked_video_input_ciris/syn/Quartus/db/altsyncram_5ie1.tdf ;         ;
+------------------------------------------------------------------------------------+-----------------+------------------------------+---------------------------------------------------------------------------------------------+---------+


+-----------------------------------------------------------+
; Analysis & Synthesis Resource Usage Summary               ;
+---------------------------------------------+-------------+
; Resource                                    ; Usage       ;
+---------------------------------------------+-------------+
; Estimated Total logic elements              ; 327         ;
;                                             ;             ;
; Total combinational functions               ; 228         ;
; Logic element usage by number of LUT inputs ;             ;
;     -- 4 input functions                    ; 112         ;
;     -- 3 input functions                    ; 28          ;
;     -- <=2 input functions                  ; 88          ;
;                                             ;             ;
; Logic elements by mode                      ;             ;
;     -- normal mode                          ; 185         ;
;     -- arithmetic mode                      ; 43          ;
;                                             ;             ;
; Total registers                             ; 219         ;
;     -- Dedicated logic registers            ; 219         ;
;     -- I/O registers                        ; 0           ;
;                                             ;             ;
; I/O pins                                    ; 25          ;
; Total memory bits                           ; 1408        ;
;                                             ;             ;
; Embedded Multiplier 9-bit elements          ; 0           ;
;                                             ;             ;
; Maximum fan-out node                        ; rst_n~input ;
; Maximum fan-out                             ; 210         ;
; Total fan-out                               ; 1757        ;
; Average fan-out                             ; 3.46        ;
+---------------------------------------------+-------------+


+-------------------------------------------------------------------------------------------------------------------------------------------------------------------------------------------------------------------------------------------------------------------------------------------------------------------------------------------------------------------------------------------------------------------------------------------------+
; Analysis & Synthesis Resource Utilization by Entity                                                                                                                                                                                                                                                                                                                                                                                             ;
+---------------------------------------------------------------------------------------------------+---------------------+---------------------------+-------------+--------------+---------+-----------+------+--------------+-----------------------------------------------------------------------------------------------------------------------------------------------------+---------------------------------------------+--------------+
; Compilation Hierarchy Node                                                                        ; Combinational ALUTs ; Dedicated Logic Registers ; Memory Bits ; DSP Elements ; DSP 9x9 ; DSP 18x18 ; Pins ; Virtual Pins ; Full Hierarchy Name                                                                                                                                 ; Entity Name                                 ; Library Name ;
+---------------------------------------------------------------------------------------------------+---------------------+---------------------------+-------------+--------------+---------+-----------+------+--------------+-----------------------------------------------------------------------------------------------------------------------------------------------------+---------------------------------------------+--------------+
; |cvi_ciris                                                                                        ; 228 (0)             ; 219 (0)                   ; 1408        ; 0            ; 0       ; 0         ; 25   ; 0            ; |cvi_ciris                                                                                                                                          ; cvi_ciris                                   ; work         ;
;    |alt_vipvfr131_common_control_packet_encoder:INTS_alt_vipvfr131_common_control_packet_encoder| ; 68 (68)             ; 38 (38)                   ; 0           ; 0            ; 0       ; 0         ; 0    ; 0            ; |cvi_ciris|alt_vipvfr131_common_control_packet_encoder:INTS_alt_vipvfr131_common_control_packet_encoder                                             ; alt_vipvfr131_common_control_packet_encoder ; work         ;
;    |alt_vipvfr131_common_stream_output:INST_alt_vipvfr131_common_stream_output|                   ; 15 (15)             ; 15 (15)                   ; 0           ; 0            ; 0       ; 0         ; 0    ; 0            ; |cvi_ciris|alt_vipvfr131_common_stream_output:INST_alt_vipvfr131_common_stream_output                                                               ; alt_vipvfr131_common_stream_output          ; work         ;
;    |bt656_decoder:bt656_decoder|                                                                  ; 87 (87)             ; 125 (125)                 ; 0           ; 0            ; 0       ; 0         ; 0    ; 0            ; |cvi_ciris|bt656_decoder:bt656_decoder                                                                                                              ; bt656_decoder                               ; work         ;
;    |bt_to_avst:INST_bt_to_avst|                                                                   ; 58 (30)             ; 41 (16)                   ; 1408        ; 0            ; 0       ; 0         ; 0    ; 0            ; |cvi_ciris|bt_to_avst:INST_bt_to_avst                                                                                                               ; bt_to_avst                                  ; work         ;
;       |crs_lib_dc_fifo:crs_lib_dc_fifo_inst|                                                      ; 28 (28)             ; 25 (25)                   ; 1408        ; 0            ; 0       ; 0         ; 0    ; 0            ; |cvi_ciris|bt_to_avst:INST_bt_to_avst|crs_lib_dc_fifo:crs_lib_dc_fifo_inst                                                                          ; crs_lib_dc_fifo                             ; work         ;
;          |crs_lib_async_ram:u0|                                                                   ; 0 (0)               ; 0 (0)                     ; 1408        ; 0            ; 0       ; 0         ; 0    ; 0            ; |cvi_ciris|bt_to_avst:INST_bt_to_avst|crs_lib_dc_fifo:crs_lib_dc_fifo_inst|crs_lib_async_ram:u0                                                     ; crs_lib_async_ram                           ; work         ;
;             |altsyncram:mem_rtl_0|                                                                ; 0 (0)               ; 0 (0)                     ; 1408        ; 0            ; 0       ; 0         ; 0    ; 0            ; |cvi_ciris|bt_to_avst:INST_bt_to_avst|crs_lib_dc_fifo:crs_lib_dc_fifo_inst|crs_lib_async_ram:u0|altsyncram:mem_rtl_0                                ; altsyncram                                  ; work         ;
;                |altsyncram_5ie1:auto_generated|                                                   ; 0 (0)               ; 0 (0)                     ; 1408        ; 0            ; 0       ; 0         ; 0    ; 0            ; |cvi_ciris|bt_to_avst:INST_bt_to_avst|crs_lib_dc_fifo:crs_lib_dc_fifo_inst|crs_lib_async_ram:u0|altsyncram:mem_rtl_0|altsyncram_5ie1:auto_generated ; altsyncram_5ie1                             ; work         ;
+---------------------------------------------------------------------------------------------------+---------------------+---------------------------+-------------+--------------+---------+-----------+------+--------------+-----------------------------------------------------------------------------------------------------------------------------------------------------+---------------------------------------------+--------------+
Note: For table entries with two numbers listed, the numbers in parentheses indicate the number of resources of the given type used by the specific entity alone. The numbers listed outside of parentheses indicate the total resources of the given type used by the specific entity and all of its sub-entities in the hierarchy.


+---------------------------------------------------------------------------------------------------------------------------------------------------------------------------------------------------------------------------------------------------------+
; Analysis & Synthesis RAM Summary                                                                                                                                                                                                                        ;
+-----------------------------------------------------------------------------------------------------------------------------------------------------+------+------------------+--------------+--------------+--------------+--------------+------+------+
; Name                                                                                                                                                ; Type ; Mode             ; Port A Depth ; Port A Width ; Port B Depth ; Port B Width ; Size ; MIF  ;
+-----------------------------------------------------------------------------------------------------------------------------------------------------+------+------------------+--------------+--------------+--------------+--------------+------+------+
; bt_to_avst:INST_bt_to_avst|crs_lib_dc_fifo:crs_lib_dc_fifo_inst|crs_lib_async_ram:u0|altsyncram:mem_rtl_0|altsyncram_5ie1:auto_generated|ALTSYNCRAM ; AUTO ; Simple Dual Port ; 128          ; 11           ; 128          ; 11           ; 1408 ; None ;
+-----------------------------------------------------------------------------------------------------------------------------------------------------+------+------------------+--------------+--------------+--------------+--------------+------+------+


Encoding Type:  One-Hot
+-----------------------------------------------------------------+
; State Machine - |cvi_ciris|bt_to_avst:INST_bt_to_avst|state     ;
+-------------+-----------+------------+-------------+------------+
; Name        ; state.END ; state.DATA ; state.START ; state.IDLE ;
+-------------+-----------+------------+-------------+------------+
; state.IDLE  ; 0         ; 0          ; 0           ; 0          ;
; state.START ; 0         ; 0          ; 1           ; 1          ;
; state.DATA  ; 0         ; 1          ; 0           ; 1          ;
; state.END   ; 1         ; 0          ; 0           ; 1          ;
+-------------+-----------+------------+-------------+------------+


Encoding Type:  One-Hot
+---------------------------------------------------------------------------------------+
; State Machine - |cvi_ciris|bt656_decoder:bt656_decoder|state                          ;
+-----------------+------------+-----------------+-------------+------------+-----------+
; Name            ; state.DATA ; state.FIRST_ROW ; state.START ; state.IDLE ; state.END ;
+-----------------+------------+-----------------+-------------+------------+-----------+
; state.IDLE      ; 0          ; 0               ; 0           ; 0          ; 0         ;
; state.START     ; 0          ; 0               ; 1           ; 1          ; 0         ;
; state.FIRST_ROW ; 0          ; 1               ; 0           ; 1          ; 0         ;
; state.DATA      ; 1          ; 0               ; 0           ; 1          ; 0         ;
; state.END       ; 0          ; 0               ; 0           ; 1          ; 1         ;
+-----------------+------------+-----------------+-------------+------------+-----------+


+--------------------------------------------------------------------------------------------------------------------------------------------------------------+
; Registers Removed During Synthesis                                                                                                                           ;
+---------------------------------------------------------------------------------------------------------------------+----------------------------------------+
; Register name                                                                                                       ; Reason for Removal                     ;
+---------------------------------------------------------------------------------------------------------------------+----------------------------------------+
; alt_vipvfr131_common_control_packet_encoder:INTS_alt_vipvfr131_common_control_packet_encoder|control_data[64,66,67] ; Stuck at GND due to stuck port data_in ;
; bt656_decoder:bt656_decoder|width_o[15]                                                                             ; Stuck at GND due to stuck port data_in ;
; alt_vipvfr131_common_control_packet_encoder:INTS_alt_vipvfr131_common_control_packet_encoder|control_data[3]        ; Stuck at GND due to stuck port data_in ;
; bt_to_avst:INST_bt_to_avst|state~6                                                                                  ; Lost fanout                            ;
; bt_to_avst:INST_bt_to_avst|state~7                                                                                  ; Lost fanout                            ;
; bt656_decoder:bt656_decoder|state~9                                                                                 ; Lost fanout                            ;
; bt656_decoder:bt656_decoder|state~10                                                                                ; Lost fanout                            ;
; Total Number of Removed Registers = 9                                                                               ;                                        ;
+---------------------------------------------------------------------------------------------------------------------+----------------------------------------+


+------------------------------------------------------------------------------------------------------------------------------------------------------------------------------------+
; Removed Registers Triggering Further Register Optimizations                                                                                                                        ;
+-----------------------------------------+---------------------------+--------------------------------------------------------------------------------------------------------------+
; Register name                           ; Reason for Removal        ; Registers Removed due to This Register                                                                       ;
+-----------------------------------------+---------------------------+--------------------------------------------------------------------------------------------------------------+
; bt656_decoder:bt656_decoder|width_o[15] ; Stuck at GND              ; alt_vipvfr131_common_control_packet_encoder:INTS_alt_vipvfr131_common_control_packet_encoder|control_data[3] ;
;                                         ; due to stuck port data_in ;                                                                                                              ;
+-----------------------------------------+---------------------------+--------------------------------------------------------------------------------------------------------------+


+------------------------------------------------------+
; General Register Statistics                          ;
+----------------------------------------------+-------+
; Statistic                                    ; Value ;
+----------------------------------------------+-------+
; Total registers                              ; 219   ;
; Number of registers using Synchronous Clear  ; 32    ;
; Number of registers using Synchronous Load   ; 0     ;
; Number of registers using Asynchronous Clear ; 210   ;
; Number of registers using Asynchronous Load  ; 0     ;
; Number of registers using Clock Enable       ; 144   ;
; Number of registers using Preset             ; 0     ;
+----------------------------------------------+-------+


+----------------------------------------------------------------------------------------------------------------------+
; Inverted Register Statistics                                                                                         ;
+------------------------------------------------------------------------------------------------------------+---------+
; Inverted Register                                                                                          ; Fan out ;
+------------------------------------------------------------------------------------------------------------+---------+
; alt_vipvfr131_common_stream_output:INST_alt_vipvfr131_common_stream_output|synced_int                      ; 1       ;
; alt_vipvfr131_common_control_packet_encoder:INTS_alt_vipvfr131_common_control_packet_encoder|write_control ; 2       ;
; alt_vipvfr131_common_control_packet_encoder:INTS_alt_vipvfr131_common_control_packet_encoder|state[1]      ; 26      ;
; alt_vipvfr131_common_control_packet_encoder:INTS_alt_vipvfr131_common_control_packet_encoder|state[3]      ; 23      ;
; alt_vipvfr131_common_control_packet_encoder:INTS_alt_vipvfr131_common_control_packet_encoder|state[0]      ; 20      ;
; alt_vipvfr131_common_control_packet_encoder:INTS_alt_vipvfr131_common_control_packet_encoder|state[2]      ; 24      ;
; bt656_decoder:bt656_decoder|width_o[8]                                                                     ; 1       ;
; bt656_decoder:bt656_decoder|height_o[4]                                                                    ; 1       ;
; bt656_decoder:bt656_decoder|height_o[9]                                                                    ; 1       ;
; bt656_decoder:bt656_decoder|width_o[9]                                                                     ; 1       ;
; bt656_decoder:bt656_decoder|width_o[5]                                                                     ; 1       ;
; bt656_decoder:bt656_decoder|height_o[6]                                                                    ; 1       ;
; bt656_decoder:bt656_decoder|height_o[3]                                                                    ; 1       ;
; Total number of inverted registers = 13                                                                    ;         ;
+------------------------------------------------------------------------------------------------------------+---------+


+-------------------------------------------------------------------------------------------------------------------------------------------------------------------------------------------------------+
; Registers Packed Into Inferred Megafunctions                                                                                                                                                          ;
+-----------------------------------------------------------------------------------------------+------------------------------------------------------------------------------------------------+------+
; Register Name                                                                                 ; Megafunction                                                                                   ; Type ;
+-----------------------------------------------------------------------------------------------+------------------------------------------------------------------------------------------------+------+
; bt_to_avst:INST_bt_to_avst|crs_lib_dc_fifo:crs_lib_dc_fifo_inst|crs_lib_async_ram:u0|ra[0..6] ; bt_to_avst:INST_bt_to_avst|crs_lib_dc_fifo:crs_lib_dc_fifo_inst|crs_lib_async_ram:u0|mem_rtl_0 ; RAM  ;
+-----------------------------------------------------------------------------------------------+------------------------------------------------------------------------------------------------+------+


+------------------------------------------------------------------------------------------------------------------------------------------------------------------------------------------------------------------+
; Multiplexer Restructuring Statistics (Restructuring Performed)                                                                                                                                                   ;
+--------------------+-----------+---------------+----------------------+------------------------+------------+----------------------------------------------------------------------------------------------------+
; Multiplexer Inputs ; Bus Width ; Baseline Area ; Area if Restructured ; Saving if Restructured ; Registered ; Example Multiplexer Output                                                                         ;
+--------------------+-----------+---------------+----------------------+------------------------+------------+----------------------------------------------------------------------------------------------------+
; 3:1                ; 16 bits   ; 32 LEs        ; 16 LEs               ; 16 LEs                 ; Yes        ; |cvi_ciris|bt656_decoder:bt656_decoder|width_cnt[15]                                               ;
; 3:1                ; 16 bits   ; 32 LEs        ; 16 LEs               ; 16 LEs                 ; Yes        ; |cvi_ciris|bt656_decoder:bt656_decoder|height_cnt[12]                                              ;
; 5:1                ; 8 bits    ; 24 LEs        ; 16 LEs               ; 8 LEs                  ; Yes        ; |cvi_ciris|bt656_decoder:bt656_decoder|dout_data[0]                                                ;
; 17:1               ; 4 bits    ; 44 LEs        ; 4 LEs                ; 40 LEs                 ; Yes        ; |cvi_ciris|alt_vipvfr131_common_stream_output:INST_alt_vipvfr131_common_stream_output|dout_data[6] ;
; 17:1               ; 2 bits    ; 22 LEs        ; 16 LEs               ; 6 LEs                  ; Yes        ; |cvi_ciris|alt_vipvfr131_common_stream_output:INST_alt_vipvfr131_common_stream_output|dout_data[0] ;
; 6:1                ; 8 bits    ; 32 LEs        ; 8 LEs                ; 24 LEs                 ; Yes        ; |cvi_ciris|bt_to_avst:INST_bt_to_avst|dout_data[7]                                                 ;
; 7:1                ; 4 bits    ; 16 LEs        ; 12 LEs               ; 4 LEs                  ; No         ; |cvi_ciris|bt_to_avst:INST_bt_to_avst|Selector3                                                    ;
; 7:1                ; 3 bits    ; 12 LEs        ; 9 LEs                ; 3 LEs                  ; No         ; |cvi_ciris|bt656_decoder:bt656_decoder|Selector14                                                  ;
; 8:1                ; 2 bits    ; 10 LEs        ; 4 LEs                ; 6 LEs                  ; No         ; |cvi_ciris|bt656_decoder:bt656_decoder|Selector12                                                  ;
+--------------------+-----------+---------------+----------------------+------------------------+------------+----------------------------------------------------------------------------------------------------+


+-----------------------------------------------------------------------------------------------------------------------------------------------------------------+
; Source assignments for bt_to_avst:INST_bt_to_avst|crs_lib_dc_fifo:crs_lib_dc_fifo_inst|crs_lib_async_ram:u0|altsyncram:mem_rtl_0|altsyncram_5ie1:auto_generated ;
+---------------------------------+--------------------+------+---------------------------------------------------------------------------------------------------+
; Assignment                      ; Value              ; From ; To                                                                                                ;
+---------------------------------+--------------------+------+---------------------------------------------------------------------------------------------------+
; OPTIMIZE_POWER_DURING_SYNTHESIS ; NORMAL_COMPILATION ; -    ; -                                                                                                 ;
+---------------------------------+--------------------+------+---------------------------------------------------------------------------------------------------+


+---------------------------------------------------------------------------+
; Parameter Settings for User Entity Instance: Top-level Entity: |cvi_ciris ;
+------------------+--------------+-----------------------------------------+
; Parameter Name   ; Value        ; Type                                    ;
+------------------+--------------+-----------------------------------------+
; BITS_PER_SYMBOL  ; 8            ; Signed Integer                          ;
; SYMBOLS_PER_BEAT ; 1            ; Signed Integer                          ;
; HEIGHT           ; 600          ; Signed Integer                          ;
; WIDTH            ; 800          ; Signed Integer                          ;
; SYNC_SIGNALS     ; Embedded     ; String                                  ;
; FAMILY           ; Cyclone IV E ; String                                  ;
; FIFO_NUMWORDS    ; 128          ; Signed Integer                          ;
; DEF_METASTAB     ; OFF          ; String                                  ;
+------------------+--------------+-----------------------------------------+
Note: In order to hide this table in the UI and the text report file, please set the "Show Parameter Settings in Synthesis Report" option in "Analysis and Synthesis Settings -> More Settings" to "Off".


+--------------------------------------------------------------------------+
; Parameter Settings for User Entity Instance: bt656_decoder:bt656_decoder ;
+----------------+-------+-------------------------------------------------+
; Parameter Name ; Value ; Type                                            ;
+----------------+-------+-------------------------------------------------+
; WIDTH          ; 800   ; Signed Integer                                  ;
; HEIGHT         ; 600   ; Signed Integer                                  ;
; DW             ; 8     ; Signed Integer                                  ;
+----------------+-------+-------------------------------------------------+
Note: In order to hide this table in the UI and the text report file, please set the "Show Parameter Settings in Synthesis Report" option in "Analysis and Synthesis Settings -> More Settings" to "Off".


+-------------------------------------------------------------------------+
; Parameter Settings for User Entity Instance: bt_to_avst:INST_bt_to_avst ;
+------------------+-------+----------------------------------------------+
; Parameter Name   ; Value ; Type                                         ;
+------------------+-------+----------------------------------------------+
; BITS_PER_SYMBOL  ; 8     ; Signed Integer                               ;
; SYMBOLS_PER_BEAT ; 1     ; Signed Integer                               ;
; HEIGHT           ; 600   ; Signed Integer                               ;
; WIDTH            ; 800   ; Signed Integer                               ;
; FIFODEPTH        ; 128   ; Signed Integer                               ;
; FIFODW           ; 11    ; Signed Integer                               ;
+------------------+-------+----------------------------------------------+
Note: In order to hide this table in the UI and the text report file, please set the "Show Parameter Settings in Synthesis Report" option in "Analysis and Synthesis Settings -> More Settings" to "Off".


+--------------------------------------------------------------------------------------------------------------+
; Parameter Settings for User Entity Instance: bt_to_avst:INST_bt_to_avst|crs_lib_dc_fifo:crs_lib_dc_fifo_inst ;
+----------------+-------+-------------------------------------------------------------------------------------+
; Parameter Name ; Value ; Type                                                                                ;
+----------------+-------+-------------------------------------------------------------------------------------+
; DW             ; 11    ; Signed Integer                                                                      ;
; AW             ; 7     ; Signed Integer                                                                      ;
; N              ; 1     ; Signed Integer                                                                      ;
; MAX_SIZE       ; 128   ; Signed Integer                                                                      ;
; VENDOR         ; FPGA  ; String                                                                              ;
+----------------+-------+-------------------------------------------------------------------------------------+
Note: In order to hide this table in the UI and the text report file, please set the "Show Parameter Settings in Synthesis Report" option in "Analysis and Synthesis Settings -> More Settings" to "Off".


+-----------------------------------------------------------------------------------------------------------------------------------+
; Parameter Settings for User Entity Instance: bt_to_avst:INST_bt_to_avst|crs_lib_dc_fifo:crs_lib_dc_fifo_inst|crs_lib_async_ram:u0 ;
+----------------+-------+----------------------------------------------------------------------------------------------------------+
; Parameter Name ; Value ; Type                                                                                                     ;
+----------------+-------+----------------------------------------------------------------------------------------------------------+
; AW             ; 7     ; Signed Integer                                                                                           ;
; DW             ; 11    ; Signed Integer                                                                                           ;
; VENDOR         ; FPGA  ; String                                                                                                   ;
+----------------+-------+----------------------------------------------------------------------------------------------------------+
Note: In order to hide this table in the UI and the text report file, please set the "Show Parameter Settings in Synthesis Report" option in "Analysis and Synthesis Settings -> More Settings" to "Off".


+-------------------------------------------------------------------------------------------------------------------------------------------+
; Parameter Settings for User Entity Instance: alt_vipvfr131_common_control_packet_encoder:INTS_alt_vipvfr131_common_control_packet_encoder ;
+------------------+-------+----------------------------------------------------------------------------------------------------------------+
; Parameter Name   ; Value ; Type                                                                                                           ;
+------------------+-------+----------------------------------------------------------------------------------------------------------------+
; BITS_PER_SYMBOL  ; 8     ; Signed Integer                                                                                                 ;
; SYMBOLS_PER_BEAT ; 1     ; Signed Integer                                                                                                 ;
+------------------+-------+----------------------------------------------------------------------------------------------------------------+
Note: In order to hide this table in the UI and the text report file, please set the "Show Parameter Settings in Synthesis Report" option in "Analysis and Synthesis Settings -> More Settings" to "Off".


+-------------------------------------------------------------------------------------------------------------------------+
; Parameter Settings for User Entity Instance: alt_vipvfr131_common_stream_output:INST_alt_vipvfr131_common_stream_output ;
+----------------+-------+------------------------------------------------------------------------------------------------+
; Parameter Name ; Value ; Type                                                                                           ;
+----------------+-------+------------------------------------------------------------------------------------------------+
; DATA_WIDTH     ; 8     ; Signed Integer                                                                                 ;
+----------------+-------+------------------------------------------------------------------------------------------------+
Note: In order to hide this table in the UI and the text report file, please set the "Show Parameter Settings in Synthesis Report" option in "Analysis and Synthesis Settings -> More Settings" to "Off".


+------------------------------------------------------------------------------------------------------------------------------------------------------------+
; Parameter Settings for Inferred Entity Instance: bt_to_avst:INST_bt_to_avst|crs_lib_dc_fifo:crs_lib_dc_fifo_inst|crs_lib_async_ram:u0|altsyncram:mem_rtl_0 ;
+------------------------------------+----------------------+------------------------------------------------------------------------------------------------+
; Parameter Name                     ; Value                ; Type                                                                                           ;
+------------------------------------+----------------------+------------------------------------------------------------------------------------------------+
; BYTE_SIZE_BLOCK                    ; 8                    ; Untyped                                                                                        ;
; AUTO_CARRY_CHAINS                  ; ON                   ; AUTO_CARRY                                                                                     ;
; IGNORE_CARRY_BUFFERS               ; OFF                  ; IGNORE_CARRY                                                                                   ;
; AUTO_CASCADE_CHAINS                ; ON                   ; AUTO_CASCADE                                                                                   ;
; IGNORE_CASCADE_BUFFERS             ; OFF                  ; IGNORE_CASCADE                                                                                 ;
; WIDTH_BYTEENA                      ; 1                    ; Untyped                                                                                        ;
; OPERATION_MODE                     ; DUAL_PORT            ; Untyped                                                                                        ;
; WIDTH_A                            ; 11                   ; Untyped                                                                                        ;
; WIDTHAD_A                          ; 7                    ; Untyped                                                                                        ;
; NUMWORDS_A                         ; 128                  ; Untyped                                                                                        ;
; OUTDATA_REG_A                      ; UNREGISTERED         ; Untyped                                                                                        ;
; ADDRESS_ACLR_A                     ; NONE                 ; Untyped                                                                                        ;
; OUTDATA_ACLR_A                     ; NONE                 ; Untyped                                                                                        ;
; WRCONTROL_ACLR_A                   ; NONE                 ; Untyped                                                                                        ;
; INDATA_ACLR_A                      ; NONE                 ; Untyped                                                                                        ;
; BYTEENA_ACLR_A                     ; NONE                 ; Untyped                                                                                        ;
; WIDTH_B                            ; 11                   ; Untyped                                                                                        ;
; WIDTHAD_B                          ; 7                    ; Untyped                                                                                        ;
; NUMWORDS_B                         ; 128                  ; Untyped                                                                                        ;
; INDATA_REG_B                       ; CLOCK1               ; Untyped                                                                                        ;
; WRCONTROL_WRADDRESS_REG_B          ; CLOCK1               ; Untyped                                                                                        ;
; RDCONTROL_REG_B                    ; CLOCK1               ; Untyped                                                                                        ;
; ADDRESS_REG_B                      ; CLOCK1               ; Untyped                                                                                        ;
; OUTDATA_REG_B                      ; UNREGISTERED         ; Untyped                                                                                        ;
; BYTEENA_REG_B                      ; CLOCK1               ; Untyped                                                                                        ;
; INDATA_ACLR_B                      ; NONE                 ; Untyped                                                                                        ;
; WRCONTROL_ACLR_B                   ; NONE                 ; Untyped                                                                                        ;
; ADDRESS_ACLR_B                     ; NONE                 ; Untyped                                                                                        ;
; OUTDATA_ACLR_B                     ; NONE                 ; Untyped                                                                                        ;
; RDCONTROL_ACLR_B                   ; NONE                 ; Untyped                                                                                        ;
; BYTEENA_ACLR_B                     ; NONE                 ; Untyped                                                                                        ;
; WIDTH_BYTEENA_A                    ; 1                    ; Untyped                                                                                        ;
; WIDTH_BYTEENA_B                    ; 1                    ; Untyped                                                                                        ;
; RAM_BLOCK_TYPE                     ; AUTO                 ; Untyped                                                                                        ;
; BYTE_SIZE                          ; 8                    ; Untyped                                                                                        ;
; READ_DURING_WRITE_MODE_MIXED_PORTS ; DONT_CARE            ; Untyped                                                                                        ;
; READ_DURING_WRITE_MODE_PORT_A      ; NEW_DATA_NO_NBE_READ ; Untyped                                                                                        ;
; READ_DURING_WRITE_MODE_PORT_B      ; NEW_DATA_NO_NBE_READ ; Untyped                                                                                        ;
; INIT_FILE                          ; UNUSED               ; Untyped                                                                                        ;
; INIT_FILE_LAYOUT                   ; PORT_A               ; Untyped                                                                                        ;
; MAXIMUM_DEPTH                      ; 0                    ; Untyped                                                                                        ;
; CLOCK_ENABLE_INPUT_A               ; NORMAL               ; Untyped                                                                                        ;
; CLOCK_ENABLE_INPUT_B               ; NORMAL               ; Untyped                                                                                        ;
; CLOCK_ENABLE_OUTPUT_A              ; NORMAL               ; Untyped                                                                                        ;
; CLOCK_ENABLE_OUTPUT_B              ; NORMAL               ; Untyped                                                                                        ;
; CLOCK_ENABLE_CORE_A                ; USE_INPUT_CLKEN      ; Untyped                                                                                        ;
; CLOCK_ENABLE_CORE_B                ; USE_INPUT_CLKEN      ; Untyped                                                                                        ;
; ENABLE_ECC                         ; FALSE                ; Untyped                                                                                        ;
; ECC_PIPELINE_STAGE_ENABLED         ; FALSE                ; Untyped                                                                                        ;
; WIDTH_ECCSTATUS                    ; 3                    ; Untyped                                                                                        ;
; DEVICE_FAMILY                      ; Cyclone IV E         ; Untyped                                                                                        ;
; CBXI_PARAMETER                     ; altsyncram_5ie1      ; Untyped                                                                                        ;
+------------------------------------+----------------------+------------------------------------------------------------------------------------------------+
Note: In order to hide this table in the UI and the text report file, please set the "Show Parameter Settings in Synthesis Report" option in "Analysis and Synthesis Settings -> More Settings" to "Off".


+-------------------------------------------------------------------------------------------------------------------------------------------------------+
; altsyncram Parameter Settings by Entity Instance                                                                                                      ;
+-------------------------------------------+-----------------------------------------------------------------------------------------------------------+
; Name                                      ; Value                                                                                                     ;
+-------------------------------------------+-----------------------------------------------------------------------------------------------------------+
; Number of entity instances                ; 1                                                                                                         ;
; Entity Instance                           ; bt_to_avst:INST_bt_to_avst|crs_lib_dc_fifo:crs_lib_dc_fifo_inst|crs_lib_async_ram:u0|altsyncram:mem_rtl_0 ;
;     -- OPERATION_MODE                     ; DUAL_PORT                                                                                                 ;
;     -- WIDTH_A                            ; 11                                                                                                        ;
;     -- NUMWORDS_A                         ; 128                                                                                                       ;
;     -- OUTDATA_REG_A                      ; UNREGISTERED                                                                                              ;
;     -- WIDTH_B                            ; 11                                                                                                        ;
;     -- NUMWORDS_B                         ; 128                                                                                                       ;
;     -- ADDRESS_REG_B                      ; CLOCK1                                                                                                    ;
;     -- OUTDATA_REG_B                      ; UNREGISTERED                                                                                              ;
;     -- RAM_BLOCK_TYPE                     ; AUTO                                                                                                      ;
;     -- READ_DURING_WRITE_MODE_MIXED_PORTS ; DONT_CARE                                                                                                 ;
+-------------------------------------------+-----------------------------------------------------------------------------------------------------------+


+--------------------------------------------------------------------------------------------------------+
; Port Connectivity Checks: "alt_vipvfr131_common_stream_output:INST_alt_vipvfr131_common_stream_output" ;
+--------+--------+----------+---------------------------------------------------------------------------+
; Port   ; Type   ; Severity ; Details                                                                   ;
+--------+--------+----------+---------------------------------------------------------------------------+
; enable ; Input  ; Info     ; Stuck at VCC                                                              ;
; synced ; Output ; Info     ; Explicitly unconnected                                                    ;
+--------+--------+----------+---------------------------------------------------------------------------+


+--------------------------------------------------------------------------------------------------------------------------+
; Port Connectivity Checks: "alt_vipvfr131_common_control_packet_encoder:INTS_alt_vipvfr131_common_control_packet_encoder" ;
+---------------+--------+----------+--------------------------------------------------------------------------------------+
; Port          ; Type   ; Severity ; Details                                                                              ;
+---------------+--------+----------+--------------------------------------------------------------------------------------+
; vip_ctrl_busy ; Output ; Info     ; Explicitly unconnected                                                               ;
+---------------+--------+----------+--------------------------------------------------------------------------------------+


+------------------------------------------------------------------------------------------------------------------+
; Port Connectivity Checks: "bt_to_avst:INST_bt_to_avst|crs_lib_dc_fifo:crs_lib_dc_fifo_inst|crs_lib_async_ram:u0" ;
+-------+-------+----------+---------------------------------------------------------------------------------------+
; Port  ; Type  ; Severity ; Details                                                                               ;
+-------+-------+----------+---------------------------------------------------------------------------------------+
; rce_i ; Input ; Info     ; Stuck at VCC                                                                          ;
; wce_i ; Input ; Info     ; Stuck at VCC                                                                          ;
+-------+-------+----------+---------------------------------------------------------------------------------------+


+---------------------------------------------------------------------------------------------------------------------+
; Port Connectivity Checks: "bt_to_avst:INST_bt_to_avst|crs_lib_dc_fifo:crs_lib_dc_fifo_inst"                         ;
+-----------+--------+----------+-------------------------------------------------------------------------------------+
; Port      ; Type   ; Severity ; Details                                                                             ;
+-----------+--------+----------+-------------------------------------------------------------------------------------+
; clr_i     ; Input  ; Info     ; Stuck at GND                                                                        ;
; full_o    ; Output ; Info     ; Connected to dangling logic. Logic that only feeds a dangling port will be removed. ;
; full_n_o  ; Output ; Info     ; Explicitly unconnected                                                              ;
; empty_n_o ; Output ; Info     ; Explicitly unconnected                                                              ;
; level_o   ; Output ; Info     ; Explicitly unconnected                                                              ;
+-----------+--------+----------+-------------------------------------------------------------------------------------+


+---------------------------------------------------------+
; Port Connectivity Checks: "bt656_decoder:bt656_decoder" ;
+------------+-------+----------+-------------------------+
; Port       ; Type  ; Severity ; Details                 ;
+------------+-------+----------+-------------------------+
; work_ena_i ; Input ; Info     ; Stuck at VCC            ;
+------------+-------+----------+-------------------------+


+-----------------------------------------------------+
; Post-Synthesis Netlist Statistics for Top Partition ;
+-----------------------+-----------------------------+
; Type                  ; Count                       ;
+-----------------------+-----------------------------+
; boundary_port         ; 25                          ;
; cycloneiii_ff         ; 219                         ;
;     CLR               ; 66                          ;
;     ENA CLR           ; 112                         ;
;     ENA CLR SCLR      ; 32                          ;
;     plain             ; 9                           ;
; cycloneiii_lcell_comb ; 228                         ;
;     arith             ; 43                          ;
;         2 data inputs ; 42                          ;
;         3 data inputs ; 1                           ;
;     normal            ; 185                         ;
;         1 data inputs ; 18                          ;
;         2 data inputs ; 28                          ;
;         3 data inputs ; 27                          ;
;         4 data inputs ; 112                         ;
; cycloneiii_ram_block  ; 11                          ;
;                       ;                             ;
; Max LUT depth         ; 6.00                        ;
; Average LUT depth     ; 2.99                        ;
+-----------------------+-----------------------------+


+-------------------------------+
; Elapsed Time Per Partition    ;
+----------------+--------------+
; Partition Name ; Elapsed Time ;
+----------------+--------------+
; Top            ; 00:00:01     ;
+----------------+--------------+


+-------------------------------+
; Analysis & Synthesis Messages ;
+-------------------------------+
Info: *******************************************************************
Info: Running Quartus Prime Analysis & Synthesis
    Info: Version 18.1.0 Build 625 09/12/2018 SJ Standard Edition
    Info: Processing started: Sun Jun 18 22:56:51 2023
Info: Command: quartus_map --read_settings_files=on --write_settings_files=off cvi_ciris -c cvi_ciris
Info (20030): Parallel compilation is enabled and will use 4 of the 4 processors detected
Info (12021): Found 1 design units, including 1 entities, in source file /work/gitlab/fpga_lib/common/common_lib/rtl/alt_vipvfr131_common_stream_output.v
    Info (12023): Found entity 1: alt_vipvfr131_common_stream_output File: D:/Work/GitLab/FPGA_lib/common/common_lib/rtl/alt_vipvfr131_common_stream_output.v Line: 1
Info (12021): Found 1 design units, including 1 entities, in source file /work/gitlab/fpga_lib/common/common_lib/rtl/alt_vipvfr131_common_control_packet_encoder.v
    Info (12023): Found entity 1: alt_vipvfr131_common_control_packet_encoder File: D:/Work/GitLab/FPGA_lib/common/common_lib/rtl/alt_vipvfr131_common_control_packet_encoder.v Line: 2
Info (12021): Found 1 design units, including 1 entities, in source file /work/gitlab/fpga_lib/common/common_lib2/ram/async_ram/rtl/crs_lib_async_ram.sv
    Info (12023): Found entity 1: crs_lib_async_ram File: D:/Work/GitLab/FPGA_lib/common/common_lib2/ram/async_ram/rtl/crs_lib_async_ram.sv Line: 3
Info (12021): Found 1 design units, including 1 entities, in source file /work/gitlab/fpga_lib/ip/vip/clocked_video_input_ciris/rtl/bt_to_avst.sv
    Info (12023): Found entity 1: bt_to_avst File: D:/Work/GitLab/FPGA_lib/IP/VIP/clocked_video_input_ciris/rtl/bt_to_avst.sv Line: 1
Info (12021): Found 1 design units, including 1 entities, in source file /work/gitlab/fpga_lib/ip/vip/clocked_video_input_ciris/rtl/bt656_decoder.sv
    Info (12023): Found entity 1: bt656_decoder File: D:/Work/GitLab/FPGA_lib/IP/VIP/clocked_video_input_ciris/rtl/bt656_decoder.sv Line: 1
Info (12021): Found 1 design units, including 1 entities, in source file /work/gitlab/fpga_lib/ip/vip/clocked_video_input_ciris/rtl/bt601_decoder.sv
    Info (12023): Found entity 1: bt601_decoder File: D:/Work/GitLab/FPGA_lib/IP/VIP/clocked_video_input_ciris/rtl/bt601_decoder.sv Line: 1
Info (12021): Found 1 design units, including 1 entities, in source file /work/gitlab/fpga_lib/ip/vip/clocked_video_input_ciris/rtl/cvi_ciris.sv
    Info (12023): Found entity 1: cvi_ciris File: D:/Work/GitLab/FPGA_lib/IP/VIP/clocked_video_input_ciris/rtl/cvi_ciris.sv Line: 1
Info (12021): Found 1 design units, including 1 entities, in source file /work/gitlab/fpga_lib/common/common_lib2/fifo/crs_lib_dc_fifo/rtl/crs_lib_dc_fifo.sv
    Info (12023): Found entity 1: crs_lib_dc_fifo File: D:/Work/GitLab/FPGA_lib/common/common_lib2/fifo/crs_lib_dc_fifo/rtl/crs_lib_dc_fifo.sv Line: 6
Info (12127): Elaborating entity "cvi_ciris" for the top level hierarchy
Info (12128): Elaborating entity "bt656_decoder" for hierarchy "bt656_decoder:bt656_decoder" File: D:/Work/GitLab/FPGA_lib/IP/VIP/clocked_video_input_ciris/rtl/cvi_ciris.sv Line: 193
Warning (10230): Verilog HDL assignment warning at bt656_decoder.sv(227): truncated value with size 32 to match size of target (16) File: D:/Work/GitLab/FPGA_lib/IP/VIP/clocked_video_input_ciris/rtl/bt656_decoder.sv Line: 227
Warning (10230): Verilog HDL assignment warning at bt656_decoder.sv(229): truncated value with size 32 to match size of target (16) File: D:/Work/GitLab/FPGA_lib/IP/VIP/clocked_video_input_ciris/rtl/bt656_decoder.sv Line: 229
Warning (10230): Verilog HDL assignment warning at bt656_decoder.sv(235): truncated value with size 32 to match size of target (16) File: D:/Work/GitLab/FPGA_lib/IP/VIP/clocked_video_input_ciris/rtl/bt656_decoder.sv Line: 235
Info (12128): Elaborating entity "bt_to_avst" for hierarchy "bt_to_avst:INST_bt_to_avst" File: D:/Work/GitLab/FPGA_lib/IP/VIP/clocked_video_input_ciris/rtl/cvi_ciris.sv Line: 223
Info (12128): Elaborating entity "crs_lib_dc_fifo" for hierarchy "bt_to_avst:INST_bt_to_avst|crs_lib_dc_fifo:crs_lib_dc_fifo_inst" File: D:/Work/GitLab/FPGA_lib/IP/VIP/clocked_video_input_ciris/rtl/bt_to_avst.sv Line: 94
Info (12128): Elaborating entity "crs_lib_async_ram" for hierarchy "bt_to_avst:INST_bt_to_avst|crs_lib_dc_fifo:crs_lib_dc_fifo_inst|crs_lib_async_ram:u0" File: D:/Work/GitLab/FPGA_lib/common/common_lib2/fifo/crs_lib_dc_fifo/rtl/crs_lib_dc_fifo.sv Line: 63
Info (12128): Elaborating entity "alt_vipvfr131_common_control_packet_encoder" for hierarchy "alt_vipvfr131_common_control_packet_encoder:INTS_alt_vipvfr131_common_control_packet_encoder" File: D:/Work/GitLab/FPGA_lib/IP/VIP/clocked_video_input_ciris/rtl/cvi_ciris.sv Line: 247
Warning (10036): Verilog HDL or VHDL warning at alt_vipvfr131_common_control_packet_encoder.v(55): object "end_of_video_valid" assigned a value but never read File: D:/Work/GitLab/FPGA_lib/common/common_lib/rtl/alt_vipvfr131_common_control_packet_encoder.v Line: 55
Warning (10240): Verilog HDL Always Construct warning at alt_vipvfr131_common_control_packet_encoder.v(66): inferring latch(es) for variable "control_data", which holds its previous value in one or more paths through the always construct File: D:/Work/GitLab/FPGA_lib/common/common_lib/rtl/alt_vipvfr131_common_control_packet_encoder.v Line: 66
Warning (10230): Verilog HDL assignment warning at alt_vipvfr131_common_control_packet_encoder.v(86): truncated value with size 32 to match size of target (4) File: D:/Work/GitLab/FPGA_lib/common/common_lib/rtl/alt_vipvfr131_common_control_packet_encoder.v Line: 86
Info (10041): Inferred latch for "control_data[4]" at alt_vipvfr131_common_control_packet_encoder.v(66) File: D:/Work/GitLab/FPGA_lib/common/common_lib/rtl/alt_vipvfr131_common_control_packet_encoder.v Line: 66
Info (10041): Inferred latch for "control_data[5]" at alt_vipvfr131_common_control_packet_encoder.v(66) File: D:/Work/GitLab/FPGA_lib/common/common_lib/rtl/alt_vipvfr131_common_control_packet_encoder.v Line: 66
Info (10041): Inferred latch for "control_data[6]" at alt_vipvfr131_common_control_packet_encoder.v(66) File: D:/Work/GitLab/FPGA_lib/common/common_lib/rtl/alt_vipvfr131_common_control_packet_encoder.v Line: 66
Info (10041): Inferred latch for "control_data[7]" at alt_vipvfr131_common_control_packet_encoder.v(66) File: D:/Work/GitLab/FPGA_lib/common/common_lib/rtl/alt_vipvfr131_common_control_packet_encoder.v Line: 66
Info (10041): Inferred latch for "control_data[12]" at alt_vipvfr131_common_control_packet_encoder.v(66) File: D:/Work/GitLab/FPGA_lib/common/common_lib/rtl/alt_vipvfr131_common_control_packet_encoder.v Line: 66
Info (10041): Inferred latch for "control_data[13]" at alt_vipvfr131_common_control_packet_encoder.v(66) File: D:/Work/GitLab/FPGA_lib/common/common_lib/rtl/alt_vipvfr131_common_control_packet_encoder.v Line: 66
Info (10041): Inferred latch for "control_data[14]" at alt_vipvfr131_common_control_packet_encoder.v(66) File: D:/Work/GitLab/FPGA_lib/common/common_lib/rtl/alt_vipvfr131_common_control_packet_encoder.v Line: 66
Info (10041): Inferred latch for "control_data[15]" at alt_vipvfr131_common_control_packet_encoder.v(66) File: D:/Work/GitLab/FPGA_lib/common/common_lib/rtl/alt_vipvfr131_common_control_packet_encoder.v Line: 66
Info (10041): Inferred latch for "control_data[20]" at alt_vipvfr131_common_control_packet_encoder.v(66) File: D:/Work/GitLab/FPGA_lib/common/common_lib/rtl/alt_vipvfr131_common_control_packet_encoder.v Line: 66
Info (10041): Inferred latch for "control_data[21]" at alt_vipvfr131_common_control_packet_encoder.v(66) File: D:/Work/GitLab/FPGA_lib/common/common_lib/rtl/alt_vipvfr131_common_control_packet_encoder.v Line: 66
Info (10041): Inferred latch for "control_data[22]" at alt_vipvfr131_common_control_packet_encoder.v(66) File: D:/Work/GitLab/FPGA_lib/common/common_lib/rtl/alt_vipvfr131_common_control_packet_encoder.v Line: 66
Info (10041): Inferred latch for "control_data[23]" at alt_vipvfr131_common_control_packet_encoder.v(66) File: D:/Work/GitLab/FPGA_lib/common/common_lib/rtl/alt_vipvfr131_common_control_packet_encoder.v Line: 66
Info (10041): Inferred latch for "control_data[28]" at alt_vipvfr131_common_control_packet_encoder.v(66) File: D:/Work/GitLab/FPGA_lib/common/common_lib/rtl/alt_vipvfr131_common_control_packet_encoder.v Line: 66
Info (10041): Inferred latch for "control_data[29]" at alt_vipvfr131_common_control_packet_encoder.v(66) File: D:/Work/GitLab/FPGA_lib/common/common_lib/rtl/alt_vipvfr131_common_control_packet_encoder.v Line: 66
Info (10041): Inferred latch for "control_data[30]" at alt_vipvfr131_common_control_packet_encoder.v(66) File: D:/Work/GitLab/FPGA_lib/common/common_lib/rtl/alt_vipvfr131_common_control_packet_encoder.v Line: 66
Info (10041): Inferred latch for "control_data[31]" at alt_vipvfr131_common_control_packet_encoder.v(66) File: D:/Work/GitLab/FPGA_lib/common/common_lib/rtl/alt_vipvfr131_common_control_packet_encoder.v Line: 66
Info (10041): Inferred latch for "control_data[36]" at alt_vipvfr131_common_control_packet_encoder.v(66) File: D:/Work/GitLab/FPGA_lib/common/common_lib/rtl/alt_vipvfr131_common_control_packet_encoder.v Line: 66
Info (10041): Inferred latch for "control_data[37]" at alt_vipvfr131_common_control_packet_encoder.v(66) File: D:/Work/GitLab/FPGA_lib/common/common_lib/rtl/alt_vipvfr131_common_control_packet_encoder.v Line: 66
Info (10041): Inferred latch for "control_data[38]" at alt_vipvfr131_common_control_packet_encoder.v(66) File: D:/Work/GitLab/FPGA_lib/common/common_lib/rtl/alt_vipvfr131_common_control_packet_encoder.v Line: 66
Info (10041): Inferred latch for "control_data[39]" at alt_vipvfr131_common_control_packet_encoder.v(66) File: D:/Work/GitLab/FPGA_lib/common/common_lib/rtl/alt_vipvfr131_common_control_packet_encoder.v Line: 66
Info (10041): Inferred latch for "control_data[44]" at alt_vipvfr131_common_control_packet_encoder.v(66) File: D:/Work/GitLab/FPGA_lib/common/common_lib/rtl/alt_vipvfr131_common_control_packet_encoder.v Line: 66
Info (10041): Inferred latch for "control_data[45]" at alt_vipvfr131_common_control_packet_encoder.v(66) File: D:/Work/GitLab/FPGA_lib/common/common_lib/rtl/alt_vipvfr131_common_control_packet_encoder.v Line: 66
Info (10041): Inferred latch for "control_data[46]" at alt_vipvfr131_common_control_packet_encoder.v(66) File: D:/Work/GitLab/FPGA_lib/common/common_lib/rtl/alt_vipvfr131_common_control_packet_encoder.v Line: 66
Info (10041): Inferred latch for "control_data[47]" at alt_vipvfr131_common_control_packet_encoder.v(66) File: D:/Work/GitLab/FPGA_lib/common/common_lib/rtl/alt_vipvfr131_common_control_packet_encoder.v Line: 66
Info (10041): Inferred latch for "control_data[52]" at alt_vipvfr131_common_control_packet_encoder.v(66) File: D:/Work/GitLab/FPGA_lib/common/common_lib/rtl/alt_vipvfr131_common_control_packet_encoder.v Line: 66
Info (10041): Inferred latch for "control_data[53]" at alt_vipvfr131_common_control_packet_encoder.v(66) File: D:/Work/GitLab/FPGA_lib/common/common_lib/rtl/alt_vipvfr131_common_control_packet_encoder.v Line: 66
Info (10041): Inferred latch for "control_data[54]" at alt_vipvfr131_common_control_packet_encoder.v(66) File: D:/Work/GitLab/FPGA_lib/common/common_lib/rtl/alt_vipvfr131_common_control_packet_encoder.v Line: 66
Info (10041): Inferred latch for "control_data[55]" at alt_vipvfr131_common_control_packet_encoder.v(66) File: D:/Work/GitLab/FPGA_lib/common/common_lib/rtl/alt_vipvfr131_common_control_packet_encoder.v Line: 66
Info (10041): Inferred latch for "control_data[60]" at alt_vipvfr131_common_control_packet_encoder.v(66) File: D:/Work/GitLab/FPGA_lib/common/common_lib/rtl/alt_vipvfr131_common_control_packet_encoder.v Line: 66
Info (10041): Inferred latch for "control_data[61]" at alt_vipvfr131_common_control_packet_encoder.v(66) File: D:/Work/GitLab/FPGA_lib/common/common_lib/rtl/alt_vipvfr131_common_control_packet_encoder.v Line: 66
Info (10041): Inferred latch for "control_data[62]" at alt_vipvfr131_common_control_packet_encoder.v(66) File: D:/Work/GitLab/FPGA_lib/common/common_lib/rtl/alt_vipvfr131_common_control_packet_encoder.v Line: 66
Info (10041): Inferred latch for "control_data[63]" at alt_vipvfr131_common_control_packet_encoder.v(66) File: D:/Work/GitLab/FPGA_lib/common/common_lib/rtl/alt_vipvfr131_common_control_packet_encoder.v Line: 66
Info (10041): Inferred latch for "control_data[68]" at alt_vipvfr131_common_control_packet_encoder.v(66) File: D:/Work/GitLab/FPGA_lib/common/common_lib/rtl/alt_vipvfr131_common_control_packet_encoder.v Line: 66
Info (10041): Inferred latch for "control_data[69]" at alt_vipvfr131_common_control_packet_encoder.v(66) File: D:/Work/GitLab/FPGA_lib/common/common_lib/rtl/alt_vipvfr131_common_control_packet_encoder.v Line: 66
Info (10041): Inferred latch for "control_data[70]" at alt_vipvfr131_common_control_packet_encoder.v(66) File: D:/Work/GitLab/FPGA_lib/common/common_lib/rtl/alt_vipvfr131_common_control_packet_encoder.v Line: 66
Info (10041): Inferred latch for "control_data[71]" at alt_vipvfr131_common_control_packet_encoder.v(66) File: D:/Work/GitLab/FPGA_lib/common/common_lib/rtl/alt_vipvfr131_common_control_packet_encoder.v Line: 66
Info (12128): Elaborating entity "alt_vipvfr131_common_stream_output" for hierarchy "alt_vipvfr131_common_stream_output:INST_alt_vipvfr131_common_stream_output" File: D:/Work/GitLab/FPGA_lib/IP/VIP/clocked_video_input_ciris/rtl/cvi_ciris.sv Line: 264
Warning (276027): Inferred dual-clock RAM node "bt_to_avst:INST_bt_to_avst|crs_lib_dc_fifo:crs_lib_dc_fifo_inst|crs_lib_async_ram:u0|mem_rtl_0" from synchronous design logic.  The read-during-write behavior of a dual-clock RAM is undefined and may not match the behavior of the original design.
Info (19000): Inferred 1 megafunctions from design logic
    Info (276029): Inferred altsyncram megafunction from the following design logic: "bt_to_avst:INST_bt_to_avst|crs_lib_dc_fifo:crs_lib_dc_fifo_inst|crs_lib_async_ram:u0|mem_rtl_0" 
        Info (286033): Parameter OPERATION_MODE set to DUAL_PORT
        Info (286033): Parameter WIDTH_A set to 11
        Info (286033): Parameter WIDTHAD_A set to 7
        Info (286033): Parameter NUMWORDS_A set to 128
        Info (286033): Parameter WIDTH_B set to 11
        Info (286033): Parameter WIDTHAD_B set to 7
        Info (286033): Parameter NUMWORDS_B set to 128
        Info (286033): Parameter ADDRESS_ACLR_A set to NONE
        Info (286033): Parameter OUTDATA_REG_B set to UNREGISTERED
        Info (286033): Parameter ADDRESS_ACLR_B set to NONE
        Info (286033): Parameter OUTDATA_ACLR_B set to NONE
        Info (286033): Parameter ADDRESS_REG_B set to CLOCK1
        Info (286033): Parameter INDATA_ACLR_A set to NONE
        Info (286033): Parameter WRCONTROL_ACLR_A set to NONE
Info (12130): Elaborated megafunction instantiation "bt_to_avst:INST_bt_to_avst|crs_lib_dc_fifo:crs_lib_dc_fifo_inst|crs_lib_async_ram:u0|altsyncram:mem_rtl_0"
Info (12133): Instantiated megafunction "bt_to_avst:INST_bt_to_avst|crs_lib_dc_fifo:crs_lib_dc_fifo_inst|crs_lib_async_ram:u0|altsyncram:mem_rtl_0" with the following parameter:
    Info (12134): Parameter "OPERATION_MODE" = "DUAL_PORT"
    Info (12134): Parameter "WIDTH_A" = "11"
    Info (12134): Parameter "WIDTHAD_A" = "7"
    Info (12134): Parameter "NUMWORDS_A" = "128"
    Info (12134): Parameter "WIDTH_B" = "11"
    Info (12134): Parameter "WIDTHAD_B" = "7"
    Info (12134): Parameter "NUMWORDS_B" = "128"
    Info (12134): Parameter "ADDRESS_ACLR_A" = "NONE"
    Info (12134): Parameter "OUTDATA_REG_B" = "UNREGISTERED"
    Info (12134): Parameter "ADDRESS_ACLR_B" = "NONE"
    Info (12134): Parameter "OUTDATA_ACLR_B" = "NONE"
    Info (12134): Parameter "ADDRESS_REG_B" = "CLOCK1"
    Info (12134): Parameter "INDATA_ACLR_A" = "NONE"
    Info (12134): Parameter "WRCONTROL_ACLR_A" = "NONE"
Info (12021): Found 1 design units, including 1 entities, in source file db/altsyncram_5ie1.tdf
    Info (12023): Found entity 1: altsyncram_5ie1 File: D:/Work/GitLab/FPGA_lib/IP/VIP/clocked_video_input_ciris/syn/Quartus/db/altsyncram_5ie1.tdf Line: 27
Info (13000): Registers with preset signals will power-up high File: D:/Work/GitLab/FPGA_lib/common/common_lib/rtl/alt_vipvfr131_common_control_packet_encoder.v Line: 59
Info (13003): DEV_CLRn pin will set, and not reset, register with preset signal due to NOT Gate Push-Back
Info (286030): Timing-Driven Synthesis is running
Info (17049): 4 registers lost all their fanouts during netlist optimizations.
Info (16010): Generating hard_block partition "hard_block:auto_generated_inst"
    Info (16011): Adding 0 node(s), including 0 DDIO, 0 PLL, 0 transceiver and 0 LCELL
Warning (21074): Design contains 2 input pin(s) that do not drive logic
    Warning (15610): No output dependent on input pin "h_sync_i" File: D:/Work/GitLab/FPGA_lib/IP/VIP/clocked_video_input_ciris/rtl/cvi_ciris.sv Line: 16
    Warning (15610): No output dependent on input pin "v_sync_i" File: D:/Work/GitLab/FPGA_lib/IP/VIP/clocked_video_input_ciris/rtl/cvi_ciris.sv Line: 17
Info (21057): Implemented 373 device resources after synthesis - the final resource count might be different
    Info (21058): Implemented 14 input pins
    Info (21059): Implemented 11 output pins
    Info (21061): Implemented 337 logic cells
    Info (21064): Implemented 11 RAM segments
Info: Quartus Prime Analysis & Synthesis was successful. 0 errors, 10 warnings
    Info: Peak virtual memory: 4772 megabytes
    Info: Processing ended: Sun Jun 18 22:57:01 2023
    Info: Elapsed time: 00:00:10
    Info: Total CPU time (on all processors): 00:00:20


